
[1m[46m RUN [49m[22m [36mv4.0.15 [39m[90m/Users/ramonmena/Projects/nai-agent-service-front[39m

 [31m×[39m src/modules/outcomes/components/DispositionCatalogForm/DispositionCatalogNode/DispositionCatalogNode.test.tsx[2m > [22mDispositionCatalogNode[2m > [22mrenders loading skeleton[32m 9[2mms[22m[39m
[31m   → [vitest] No "MantineProvider" export is defined on the "@mantine/core" mock. Did you forget to return it from "vi.mock"?
If you need to partially mock a module, you can use "importOriginal" helper inside:
[39m
 [31m×[39m src/modules/outcomes/components/DispositionCatalogForm/DispositionCatalogNode/DispositionCatalogNode.test.tsx[2m > [22mDispositionCatalogNode[2m > [22mshows error alert[32m 1[2mms[22m[39m
[31m   → [vitest] No "MantineProvider" export is defined on the "@mantine/core" mock. Did you forget to return it from "vi.mock"?
If you need to partially mock a module, you can use "importOriginal" helper inside:
[39m
 [31m×[39m src/modules/outcomes/components/DispositionCatalogForm/DispositionCatalogNode/DispositionCatalogNode.test.tsx[2m > [22mDispositionCatalogNode[2m > [22mrenders tree nodes and handles actions when user has all permissions[32m 1[2mms[22m[39m
[31m   → [vitest] No "MantineProvider" export is defined on the "@mantine/core" mock. Did you forget to return it from "vi.mock"?
If you need to partially mock a module, you can use "importOriginal" helper inside:
[39m
 [31m×[39m src/modules/outcomes/components/DispositionCatalogForm/DispositionCatalogNode/DispositionCatalogNode.test.tsx[2m > [22mDispositionCatalogNode[2m > [22mhides creation actions when user lacks CREATE permission[32m 1[2mms[22m[39m
[31m   → [vitest] No "MantineProvider" export is defined on the "@mantine/core" mock. Did you forget to return it from "vi.mock"?
If you need to partially mock a module, you can use "importOriginal" helper inside:
[39m
 [31m×[39m src/modules/outcomes/components/DispositionCatalogForm/DispositionCatalogNode/DispositionCatalogNode.test.tsx[2m > [22mDispositionCatalogNode[2m > [22mhides update actions when user lacks UPDATE permission[32m 1[2mms[22m[39m
[31m   → [vitest] No "MantineProvider" export is defined on the "@mantine/core" mock. Did you forget to return it from "vi.mock"?
If you need to partially mock a module, you can use "importOriginal" helper inside:
[39m
 [31m×[39m src/modules/outcomes/components/DispositionCatalogForm/DispositionCatalogNode/DispositionCatalogNode.test.tsx[2m > [22mDispositionCatalogNode[2m > [22mhides delete action when user lacks DELETE permission[32m 0[2mms[22m[39m
[31m   → [vitest] No "MantineProvider" export is defined on the "@mantine/core" mock. Did you forget to return it from "vi.mock"?
If you need to partially mock a module, you can use "importOriginal" helper inside:
[39m
 [31m×[39m src/modules/outcomes/components/DispositionCatalogForm/DispositionCatalogNode/DispositionCatalogNode.test.tsx[2m > [22mDispositionCatalogNode[2m > [22mprevents editing protected outbound nodes[32m 0[2mms[22m[39m
[31m   → [vitest] No "MantineProvider" export is defined on the "@mantine/core" mock. Did you forget to return it from "vi.mock"?
If you need to partially mock a module, you can use "importOriginal" helper inside:
[39m

[31m⎯⎯⎯⎯⎯⎯⎯[39m[1m[41m Failed Tests 7 [49m[22m[31m⎯⎯⎯⎯⎯⎯⎯[39m

[41m[1m FAIL [22m[49m src/modules/outcomes/components/DispositionCatalogForm/DispositionCatalogNode/DispositionCatalogNode.test.tsx[2m > [22mDispositionCatalogNode[2m > [22mrenders loading skeleton
[41m[1m FAIL [22m[49m src/modules/outcomes/components/DispositionCatalogForm/DispositionCatalogNode/DispositionCatalogNode.test.tsx[2m > [22mDispositionCatalogNode[2m > [22mshows error alert
[41m[1m FAIL [22m[49m src/modules/outcomes/components/DispositionCatalogForm/DispositionCatalogNode/DispositionCatalogNode.test.tsx[2m > [22mDispositionCatalogNode[2m > [22mrenders tree nodes and handles actions when user has all permissions
[41m[1m FAIL [22m[49m src/modules/outcomes/components/DispositionCatalogForm/DispositionCatalogNode/DispositionCatalogNode.test.tsx[2m > [22mDispositionCatalogNode[2m > [22mhides creation actions when user lacks CREATE permission
[41m[1m FAIL [22m[49m src/modules/outcomes/components/DispositionCatalogForm/DispositionCatalogNode/DispositionCatalogNode.test.tsx[2m > [22mDispositionCatalogNode[2m > [22mhides update actions when user lacks UPDATE permission
[41m[1m FAIL [22m[49m src/modules/outcomes/components/DispositionCatalogForm/DispositionCatalogNode/DispositionCatalogNode.test.tsx[2m > [22mDispositionCatalogNode[2m > [22mhides delete action when user lacks DELETE permission
[41m[1m FAIL [22m[49m src/modules/outcomes/components/DispositionCatalogForm/DispositionCatalogNode/DispositionCatalogNode.test.tsx[2m > [22mDispositionCatalogNode[2m > [22mprevents editing protected outbound nodes
[31m[1mError[22m: [vitest] No "MantineProvider" export is defined on the "@mantine/core" mock. Did you forget to return it from "vi.mock"?
If you need to partially mock a module, you can use "importOriginal" helper inside:
[39m
vi.mock(import("@mantine/core"), async (importOriginal) => {
  const actual = await importOriginal()
  return {
    ...actual,
    // your mocked methods
  }
})

[36m [2m❯[22m TestProviders src/test-utils/renderWithProviders.tsx:[2m166:5[22m[39m
    [90m164| [39m [33m<[39m[33mQueryClientProvider[39m [33mclient[39m[33m=[39m[33m{[39mqueryClient[33m}[39m[33m>[39m
    [90m165| [39m  [33m<[39m[33mI18nextProvider[39m [33mi18n[39m[33m=[39m[33m{[39mtestI18n[33m}[39m[33m>[39m
    [90m166| [39m   [33m<[39m[33mMantineProvider[39m[33m>[39m[33m{[39mchildren[33m}[39m[33m<[39m[33m/[39m[33mMantineProvider[39m[33m>[39m
    [90m   | [39m    [31m^[39m
    [90m167| [39m  [33m<[39m[33m/[39m[33mI18nextProvider[39m[33m>[39m
    [90m168| [39m [33m<[39m[33m/[39m[33mQueryClientProvider[39m[33m>[39m
[90m [2m❯[22m Object.react_stack_bottom_frame node_modules/.pnpm/react-dom@19.2.1_react@19.2.1/node_modules/react-dom/cjs/react-dom-client.development.js:[2m25904:20[22m[39m
[90m [2m❯[22m renderWithHooks node_modules/.pnpm/react-dom@19.2.1_react@19.2.1/node_modules/react-dom/cjs/react-dom-client.development.js:[2m7662:22[22m[39m
[90m [2m❯[22m updateFunctionComponent node_modules/.pnpm/react-dom@19.2.1_react@19.2.1/node_modules/react-dom/cjs/react-dom-client.development.js:[2m10166:19[22m[39m
[90m [2m❯[22m beginWork node_modules/.pnpm/react-dom@19.2.1_react@19.2.1/node_modules/react-dom/cjs/react-dom-client.development.js:[2m11778:18[22m[39m
[90m [2m❯[22m runWithFiberInDEV node_modules/.pnpm/react-dom@19.2.1_react@19.2.1/node_modules/react-dom/cjs/react-dom-client.development.js:[2m874:13[22m[39m
[90m [2m❯[22m performUnitOfWork node_modules/.pnpm/react-dom@19.2.1_react@19.2.1/node_modules/react-dom/cjs/react-dom-client.development.js:[2m17641:22[22m[39m
[90m [2m❯[22m workLoopSync node_modules/.pnpm/react-dom@19.2.1_react@19.2.1/node_modules/react-dom/cjs/react-dom-client.development.js:[2m17469:41[22m[39m

[31m[2m⎯⎯⎯⎯⎯⎯⎯⎯⎯⎯⎯⎯⎯⎯⎯⎯⎯⎯⎯⎯⎯⎯⎯⎯[1/7]⎯[22m[39m


[2m Test Files [22m [1m[31m1 failed[39m[22m[90m (1)[39m
[2m      Tests [22m [1m[31m7 failed[39m[22m[90m (7)[39m
[2m   Start at [22m 17:58:16
[2m   Duration [22m 625ms[2m (transform 123ms, setup 91ms, import 224ms, tests 14ms, environment 224ms)[22m

